// Jest Snapshot v1, https://goo.gl/fbAQLP

exports[`Timestamp render() basic 1`] = `
<div
  className=" "
  onClick={[Function]}
>
  <span
    className="time"
  >
    00:00
  </span>
</div>
`;

exports[`Timestamp render() status \`available\` 1`] = `
<div
  className=" "
  onClick={[Function]}
>
  <span
    className="time"
  >
    00:00
  </span>
</div>
`;

exports[`Timestamp render() status \`disabled\` 1`] = `
<div
  className=" "
  onClick={[Function]}
>
  <span
    className="time"
  >
    00:00
  </span>
</div>
`;

exports[`Timestamp render() status \`selected\` 1`] = `
<div
  className=" "
  onClick={[Function]}
>
  <span
    className="time"
  >
    00:00
  </span>
</div>
`;
